usbd_conf.c:69:6:HAL_PCD_MspInit	56	static
usbd_conf.c:109:6:HAL_PCD_MspDeInit	8	static
usbd_conf.c:142:6:HAL_PCD_SetupStageCallback	0	static
usbd_conf.c:157:6:HAL_PCD_DataOutStageCallback	0	static
usbd_conf.c:172:6:HAL_PCD_DataInStageCallback	0	static
usbd_conf.c:186:6:HAL_PCD_SOFCallback	0	static
usbd_conf.c:200:6:HAL_PCD_ResetCallback	8	static
usbd_conf.c:233:6:HAL_PCD_SuspendCallback	8	static
usbd_conf.c:258:6:HAL_PCD_ResumeCallback	0	static
usbd_conf.c:276:6:HAL_PCD_ISOOUTIncompleteCallback	0	static
usbd_conf.c:291:6:HAL_PCD_ISOINIncompleteCallback	0	static
usbd_conf.c:305:6:HAL_PCD_ConnectCallback	0	static
usbd_conf.c:319:6:HAL_PCD_DisconnectCallback	0	static
usbd_conf.c:334:20:USBD_LL_Init	16	static
usbd_conf.c:384:20:USBD_LL_DeInit	8	static
usbd_conf.c:401:20:USBD_LL_Start	8	static
usbd_conf.c:418:20:USBD_LL_Stop	8	static
usbd_conf.c:438:20:USBD_LL_OpenEP	8	static
usbd_conf.c:456:20:USBD_LL_CloseEP	8	static
usbd_conf.c:474:20:USBD_LL_FlushEP	8	static
usbd_conf.c:492:20:USBD_LL_StallEP	8	static
usbd_conf.c:510:20:USBD_LL_ClearStallEP	8	static
usbd_conf.c:528:9:USBD_LL_IsStallEP	0	static
usbd_conf.c:548:20:USBD_LL_SetUSBAddress	8	static
usbd_conf.c:568:20:USBD_LL_Transmit	8	static
usbd_conf.c:588:20:USBD_LL_PrepareReceive	8	static
usbd_conf.c:606:10:USBD_LL_GetRxDataSize	0	static
usbd_conf.c:632:7:USBD_static_malloc	0	static
usbd_conf.c:643:6:USBD_static_free	0	static
usbd_conf.c:653:6:USBD_LL_Delay	0	static
usbd_conf.c:663:20:USBD_Get_USB_Status	0	static
