Screen.hpp:104:18:virtual void touchgfx::Screen::afterTransition()	0	static
Screen.hpp:154:18:virtual void touchgfx::Screen::handleKeyEvent(uint8_t)	0	static
MainViewBase.hpp:108:18:virtual void MainViewBase::ret_callback()	0	static
MainViewBase.hpp:118:18:virtual void MainViewBase::store_callback()	0	static
MainViewBase.hpp:123:18:virtual void MainViewBase::load_callback()	0	static
MainView.hpp:16:13:MainView::~MainView()	0	static
MainView.hpp:30:10:virtual void MainView::b0_callback()	0	static
MainView.hpp:34:10:virtual void MainView::b1_callback()	0	static
MainView.hpp:38:10:virtual void MainView::b2_callback()	0	static
MainView.hpp:42:10:virtual void MainView::b3_callback()	0	static
MainView.hpp:46:10:virtual void MainView::b4_callback()	0	static
MainView.hpp:50:10:virtual void MainView::b5_callback()	0	static
MainView.hpp:54:10:virtual void MainView::b6_callback()	0	static
MainView.hpp:58:10:virtual void MainView::b7_callback()	0	static
MainView.hpp:62:10:virtual void MainView::b8_callback()	0	static
MainView.hpp:66:10:virtual void MainView::b9_callback()	0	static
MainView.hpp:70:10:virtual void MainView::ba_callback()	0	static
MainView.hpp:74:10:virtual void MainView::bb_callback()	0	static
MainView.hpp:78:10:virtual void MainView::bc_callback()	0	static
MainView.hpp:82:10:virtual void MainView::bd_callback()	0	static
MainView.hpp:86:10:virtual void MainView::be_callback()	0	static
MainView.hpp:90:10:virtual void MainView::bf_callback()	0	static
MainView.cpp:27:6:virtual void MainView::tearDownScreen()	0	static
MainView.hpp:109:10:virtual void MainView::write_incr_callback()	8	static
MainView.hpp:104:10:virtual void MainView::read_decr_callback()	0	static
MainView.hpp:99:10:virtual void MainView::read_incr_callback()	0	static
MainView.hpp:94:10:virtual void MainView::adrs_callback()	0	static
MainView.hpp:115:10:virtual void MainView::run_callback()	0	static
MainView.hpp:16:13:virtual MainView::~MainView()	8	static
MainView.cpp:11:1:MainView::MainView()	8	static
MainView.cpp:47:6:void MainView::dma_exec()	24	static
MainView.cpp:16:6:virtual void MainView::setupScreen()	24	static
MainView.cpp:33:6:virtual void MainView::update()	8	static
MainView.hpp:119:10:virtual void MainView::reset_callback()	16	static
