Screen.hpp:104:18:virtual void touchgfx::Screen::afterTransition()	0	static
MainViewBase.hpp:109:18:virtual void MainViewBase::ret_callback()	0	static
MainViewBase.hpp:119:18:virtual void MainViewBase::store_callback()	0	static
MainViewBase.hpp:124:18:virtual void MainViewBase::load_callback()	0	static
MainView.hpp:16:13:MainView::~MainView()	0	static
MainView.hpp:31:10:virtual void MainView::b0_callback()	0	static
MainView.hpp:35:10:virtual void MainView::b1_callback()	0	static
MainView.hpp:39:10:virtual void MainView::b2_callback()	0	static
MainView.hpp:43:10:virtual void MainView::b3_callback()	0	static
MainView.hpp:47:10:virtual void MainView::b4_callback()	0	static
MainView.hpp:51:10:virtual void MainView::b5_callback()	0	static
MainView.hpp:55:10:virtual void MainView::b6_callback()	0	static
MainView.hpp:59:10:virtual void MainView::b7_callback()	0	static
MainView.hpp:63:10:virtual void MainView::b8_callback()	0	static
MainView.hpp:67:10:virtual void MainView::b9_callback()	0	static
MainView.hpp:71:10:virtual void MainView::ba_callback()	0	static
MainView.hpp:75:10:virtual void MainView::bb_callback()	0	static
MainView.hpp:79:10:virtual void MainView::bc_callback()	0	static
MainView.hpp:83:10:virtual void MainView::bd_callback()	0	static
MainView.hpp:87:10:virtual void MainView::be_callback()	0	static
MainView.hpp:91:10:virtual void MainView::bf_callback()	0	static
MainView.cpp:28:6:virtual void MainView::tearDownScreen()	0	static
MainView.hpp:110:10:virtual void MainView::write_incr_callback()	8	static
MainView.hpp:105:10:virtual void MainView::read_decr_callback()	0	static
MainView.hpp:100:10:virtual void MainView::read_incr_callback()	0	static
MainView.hpp:95:10:virtual void MainView::adrs_callback()	0	static
MainView.hpp:116:10:virtual void MainView::run_callback()	0	static
MainView.hpp:16:13:virtual MainView::~MainView()	8	static
MainView.cpp:48:6:virtual void MainView::file_upload_check_callback()	568	static
MainView.cpp:12:1:MainView::MainView()	8	static
MainView.cpp:62:6:void MainView::dma_exec()	24	static
MainView.cpp:17:6:virtual void MainView::setupScreen()	24	static
MainView.cpp:34:6:virtual void MainView::update()	8	static
MainView.hpp:120:10:virtual void MainView::reset_callback()	16	static
