Screen.hpp:104:18:virtual void touchgfx::Screen::afterTransition()	0	static
Screen.hpp:154:18:virtual void touchgfx::Screen::handleKeyEvent(uint8_t)	0	static
SettingView.hpp:11:13:SettingView::~SettingView()	0	static
SettingView.cpp:17:6:virtual void SettingView::tearDownScreen()	0	static
SettingView.cpp:12:6:virtual void SettingView::setupScreen()	0	static
SettingView.cpp:22:6:virtual void SettingView::slider_callback(int)	16	static
SettingView.cpp:29:6:virtual void SettingView::slider_release_callback(int)	0	static
SettingView.hpp:11:13:virtual SettingView::~SettingView()	8	static
SettingView.cpp:8:1:SettingView::SettingView()	8	static
